// Jest Snapshot v1, https://goo.gl/fbAQLP

exports[`renders <Menu /> without throwing 1`] = `null`;
