// Jest Snapshot v1, https://goo.gl/fbAQLP

exports[`renders <Container /> without throwing 1`] = `
.c0 {
  margin-right: auto;
  margin-left: auto;
  padding-top: 1.1875rem;
  -webkit-flex: 1 1 auto;
  -ms-flex: 1 1 auto;
  flex: 1 1 auto;
  display: block;
  -webkit-flex-flow: column;
  -ms-flex-flow: column;
  flex-flow: column;
}

@media only screen and (min-width:48em) {
  .c0 {
    width: 46rem;
  }
}

@media only screen and (min-width:64em) {
  .c0 {
    width: 61rem;
  }
}

@media only screen and (min-width:75em) {
  .c0 {
    width: 76rem;
  }
}

<div
  className="c0"
/>
`;
