// Jest Snapshot v1, https://goo.gl/fbAQLP

exports[`renders <ServicesQuickActions /> without throwing 1`] = `null`;
