// Jest Snapshot v1, https://goo.gl/fbAQLP

exports[`renders <DeploymentGroupEditOrCreate /> without throwing 1`] = `null`;
