// Jest Snapshot v1, https://goo.gl/fbAQLP

exports[`renders <Images /> without throwing 1`] = `
.c0 {
  box-sizing: border-box;
  display: -webkit-box;
  display: -webkit-flex;
  display: -ms-flexbox;
  display: flex;
  -webkit-flex: 0 1 auto;
  -ms-flex: 0 1 auto;
  flex: 0 1 auto;
  -webkit-flex-direction: row;
  -ms-flex-direction: row;
  flex-direction: row;
  -webkit-flex-wrap: wrap;
  -ms-flex-wrap: wrap;
  flex-wrap: wrap;
  margin-right: -0.625rem;
  margin-left: -0.625rem;
}

<form>
  <div
    className="c0"
  />
</form>
`;

exports[`renders <Images Images="test" /> without throwing 1`] = `
.c0 {
  box-sizing: border-box;
  display: -webkit-box;
  display: -webkit-flex;
  display: -ms-flexbox;
  display: flex;
  -webkit-flex: 0 1 auto;
  -ms-flex: 0 1 auto;
  flex: 0 1 auto;
  -webkit-flex-direction: row;
  -ms-flex-direction: row;
  flex-direction: row;
  -webkit-flex-wrap: wrap;
  -ms-flex-wrap: wrap;
  flex-wrap: wrap;
  margin-right: -0.625rem;
  margin-left: -0.625rem;
}

<form>
  <div
    className="c0"
  />
</form>
`;

exports[`renders <Images expanded /> without throwing 1`] = `
.c0 {
  box-sizing: border-box;
  display: -webkit-box;
  display: -webkit-flex;
  display: -ms-flexbox;
  display: flex;
  -webkit-flex: 0 1 auto;
  -ms-flex: 0 1 auto;
  flex: 0 1 auto;
  -webkit-flex-direction: row;
  -ms-flex-direction: row;
  flex-direction: row;
  -webkit-flex-wrap: wrap;
  -ms-flex-wrap: wrap;
  flex-wrap: wrap;
  margin-right: -0.625rem;
  margin-left: -0.625rem;
}

<form>
  <div
    className="c0"
  />
</form>
`;

exports[`renders <Images images=[{name: stuff, imageName: stuff}] /> without throwing 1`] = `
.c0 {
  box-sizing: border-box;
  display: -webkit-box;
  display: -webkit-flex;
  display: -ms-flexbox;
  display: flex;
  -webkit-flex: 0 1 auto;
  -ms-flex: 0 1 auto;
  flex: 0 1 auto;
  -webkit-flex-direction: row;
  -ms-flex-direction: row;
  flex-direction: row;
  -webkit-flex-wrap: wrap;
  -ms-flex-wrap: wrap;
  flex-wrap: wrap;
  margin-right: -0.625rem;
  margin-left: -0.625rem;
}

.c1 {
  box-sizing: border-box;
  -webkit-flex: 0 0 auto;
  -ms-flex: 0 0 auto;
  flex: 0 0 auto;
  padding-right: 0.625rem;
  padding-left: 0.625rem;
}

.c7 {
  position: relative;
  padding: 0.75rem;
  padding-right: 1.5625rem;
}

.c3 {
  color: rgba(73,73,73,1);
  font-weight: 600;
  line-height: 1.5rem;
  font-size: 0.9375rem;
  margin: 0;
}

.c3 + p,
.c3 + small,
.c3 + h1,
.c3 + h2,
.c3 + label,
.c3 + h3,
.c3 + h4,
.c3 + h5,
.c3 + div,
.c3 + span {
  margin-top: 0.75rem;
}

.c2 {
  width: 9rem;
  height: 9rem;
  background: rgb(255,255,255);
  border: 0.0625rem solid rgb(216,216,216);
  border-radius: 0.25rem;
  box-sizing: border-box;
  padding-top: 0.75rem;
  -webkit-align-items: center;
  -webkit-box-align: center;
  -ms-flex-align: center;
  align-items: center;
  -webkit-box-pack: justify;
  -webkit-justify-content: space-between;
  -ms-flex-pack: justify;
  justify-content: space-between;
  -webkit-flex-direction: column;
  -ms-flex-direction: column;
  flex-direction: column;
  display: -webkit-box;
  display: -webkit-flex;
  display: -ms-flexbox;
  display: flex;
  margin-bottom: 1.25rem;
  -webkit-animation: eMLfYp 0.2s ease-in-out;
  animation: eMLfYp 0.2s ease-in-out;
  cursor: pointer;
}

.c4 {
  display: inline-block;
  margin: 0;
  padding: 0;
  border: none;
  overflow: hidden;
  height: auto;
  -webkit-margin-start: 0;
  -webkit-margin-end: 0;
  -webkit-padding-before: 0;
  -webkit-padding-start: 0;
  -webkit-padding-end: 0;
  -webkit-padding-after: 0;
}

.c6 {
  position: relative;
  display: -webkit-inline-box;
  display: -webkit-inline-flex;
  display: -ms-inline-flexbox;
  display: inline-flex;
  width: 100%;
  max-width: 100%;
  min-width: 18.75rem;
}

.c6:after {
  content: '';
  width: 0.625rem;
  height: 0.625rem;
  background: url(data:image/svg+xml;base64,PHN2ZyB3aWR0aD0iOSIgaGVpZ2h0PSI2IiB2aWV3Qm94PSIwIDAgOSA2IiB4bWxucz0iaHR0cDovL3d3dy53My5vcmcvMjAwMC9zdmciPjx0aXRsZT5hcnJvdzogcmlnaHQ8L3RpdGxlPjxwYXRoIGQ9Ik05IDEuMzg2TDcuNjQ4IDAgNC41IDMuMjI4IDEuMzUyIDAgMCAxLjM4NiA0LjUgNnoiIGZpbGw9IiM0OTQ5NDkiIGZpbGwtcnVsZT0iZXZlbm9kZCIvPjwvc3ZnPg==) center center no-repeat;
  display: block;
  position: absolute;
  top: 50%;
  -webkit-transform: translateY(-50%);
  -ms-transform: translateY(-50%);
  transform: translateY(-50%);
  right: 0.75rem;
}

.c8 {
  box-sizing: border-box;
  width: 18.75rem;
  height: 3rem;
  min-height: 3rem;
  margin-bottom: 0.5rem;
  margin-top: 0.5rem;
  padding: 0.8125rem 1.125rem;
  border-radius: 0.25rem;
  background-color: rgb(255,255,255);
  border: 0.0625rem solid rgb(216,216,216);
  color: rgba(73,73,73,1);
  max-width: 22.1875rem;
  text-overflow: ellipsis;
  font-size: 0.9375rem;
  line-height: normal !important;
  font-style: normal;
  font-stretch: normal;
  -webkit-appearance: none;
  -moz-appearance: none;
  appearance: none;
  outline: 0;
}

.c8::-webkit-input-placeholder {
  color: rgba(73,73,73,0.5);
}

.c8::-moz-placeholder {
  color: rgba(73,73,73,0.5);
}

.c8:-ms-input-placeholder {
  color: rgba(73,73,73,0.5);
}

.c8:invalid {
  box-shadow: none;
}

.c8:disabled {
  background-color: rgb(250,250,250);
  color: rgb(216,216,216);
  cursor: not-allowed;
}

.c8:disabled::-webkit-input-placeholder {
  color: rgba(73,73,73,0.5);
}

.c8:disabled::-moz-placeholder {
  color: rgba(73,73,73,0.5);
}

.c8:disabled:-ms-input-placeholder {
  color: rgba(73,73,73,0.5);
}

.c8:focus {
  border-color: rgb(59,70,204);
  outline: 0;
}

.c5 {
  min-width: 100%;
  width: 9rem;
}

.c5 select {
  margin: 0;
  border-bottom-width: 0;
  border-top-left-radius: 0;
  border-top-right-radius: 0;
}

@media only screen and (min-width:48em) {
  .c1 {
    -webkit-flex-basis: 25%;
    -ms-flex-preferred-size: 25%;
    flex-basis: 25%;
    max-width: 25%;
    display: block;
  }
}

@media only screen and (min-width:64em) {
  .c1 {
    -webkit-flex-basis: 16.666666666666668%;
    -ms-flex-preferred-size: 16.666666666666668%;
    flex-basis: 16.666666666666668%;
    max-width: 16.666666666666668%;
    display: block;
  }
}

<form>
  <div
    className="c0"
  >
    <div
      className="c1"
    >
      <div
        className="c2"
        disabled={false}
        id="image-card-stuff"
        name="card"
        onClick={[Function]}
      >
        <img
          alt="stuff"
          height={36}
          id="image-img-stuff"
          src="placeholder.svg"
          style={
            Object {
              "marginBottom": 6,
            }
          }
          width={36}
        />
        <h4
          className="c3"
        >
          Stuff
        </h4>
        <div
          className="baseline-jVaZNU kXgQxt c4"
          name="image"
          role="group"
          style={undefined}
        >
          <div
            className="c5 c6"
            disabled={false}
            onBlur={null}
          >
            <select
              className="c5 c7 c8"
              disabled={false}
              id="k"
              onBlur={null}
            >
              <option
                selected={true}
              >
                Version
              </option>
            </select>
          </div>
        </div>
      </div>
    </div>
  </div>
</form>
`;

exports[`renders <Images isVmSelected /> without throwing 1`] = `
.c0 {
  box-sizing: border-box;
  display: -webkit-box;
  display: -webkit-flex;
  display: -ms-flexbox;
  display: flex;
  -webkit-flex: 0 1 auto;
  -ms-flex: 0 1 auto;
  flex: 0 1 auto;
  -webkit-flex-direction: row;
  -ms-flex-direction: row;
  flex-direction: row;
  -webkit-flex-wrap: wrap;
  -ms-flex-wrap: wrap;
  flex-wrap: wrap;
  margin-right: -0.625rem;
  margin-left: -0.625rem;
}

<form>
  <div
    className="c0"
  />
</form>
`;

exports[`renders <Images loading /> without throwing 1`] = `
.c0 {
  box-sizing: border-box;
  display: -webkit-box;
  display: -webkit-flex;
  display: -ms-flexbox;
  display: flex;
  -webkit-flex: 0 1 auto;
  -ms-flex: 0 1 auto;
  flex: 0 1 auto;
  -webkit-flex-direction: row;
  -ms-flex-direction: row;
  flex-direction: row;
  -webkit-flex-wrap: wrap;
  -ms-flex-wrap: wrap;
  flex-wrap: wrap;
  margin-right: -0.625rem;
  margin-left: -0.625rem;
}

<form>
  <div
    className="c0"
  />
</form>
`;

exports[`renders <Images pristine={false} /> without throwing 1`] = `
.c0 {
  box-sizing: border-box;
  display: -webkit-box;
  display: -webkit-flex;
  display: -ms-flexbox;
  display: flex;
  -webkit-flex: 0 1 auto;
  -ms-flex: 0 1 auto;
  flex: 0 1 auto;
  -webkit-flex-direction: row;
  -ms-flex-direction: row;
  flex-direction: row;
  -webkit-flex-wrap: wrap;
  -ms-flex-wrap: wrap;
  flex-wrap: wrap;
  margin-right: -0.625rem;
  margin-left: -0.625rem;
}

<form>
  <div
    className="c0"
  />
</form>
`;
